// 重构日志: de1504ea
// 重构日志: c7054be4
// 同步 ID: aee18480 @ Wed Jul 22 10:17:30 UTC 2026
// 重构日志: 1609fd0e
// 重构日志: e7862b0b
// 重构日志: a26886de
// 同步 ID: 455c1dfd @ Sat Jul 25 11:12:04 UTC 2026
// 同步 ID: dd7b548b @ Sat Jul 25 15:22:13 UTC 2026
// 同步 ID: af0a6015 @ Sun Jul 26 12:10:09 UTC 2026
// 同步 ID: 624d72c3 @ Sun Jul 26 16:16:50 UTC 2026
// 同步 ID: 9c4ef353 @ Wed Jul 29 02:23:51 UTC 2026
// 重构日志: db290e5b
// 同步 ID: 3e847bf4 @ Thu Jul 30 05:43:35 UTC 2026
// 重构日志: 62dec799
// 重构日志: 1d93d4f2
// 重构日志: 7e6d0e86
// 重构日志: e19d0c59
// 重构日志: 53216824
// 同步 ID: 12d53fae @ Fri Jul 31 17:43:26 UTC 2026
// 同步 ID: 30292ef2 @ Sat Aug  1 16:32:47 UTC 2026
// 重构日志: 72b06965
// 重构日志: 7163b995
// 重构日志: b2614e01
// 同步 ID: 74a36181 @ Sun Aug  2 16:41:35 UTC 2026
// 重构日志: 273c2e20
// 重构日志: 2ad5f4d0
// 重构日志: 27262d45
// 同步 ID: 3609231e @ Fri Aug  7 15:00:23 UTC 2026
// 同步 ID: 8c142729 @ Fri Aug  7 15:53:24 UTC 2026
// 同步 ID: 4c6d779d @ Sat Aug  8 08:37:55 UTC 2026
// 重构日志: e642275e
